components/BarChartComponent.tsx(3,15): error TS2305: Module '"../types"' has no exported member 'PaymentBreakdownItem'.
components/PaymentSimulator.tsx(38,62): error TS2339: Property 'price' does not exist on type 'CartItem'.
components/PaymentSimulator.tsx(48,37): error TS2339: Property 'price' does not exist on type 'CartItem'.
components/PaymentSimulator.tsx(48,55): error TS2339: Property 'margin' does not exist on type 'CartItem'.
components/PaymentSimulator.tsx(101,79): error TS2339: Property 'price' does not exist on type 'Product'.
components/PaymentSimulator.tsx(134,73): error TS2339: Property 'price' does not exist on type 'CartItem'.
components/RecentTransactions.tsx(2,15): error TS2305: Module '"../types"' has no exported member 'Transaction'.
components/StoresDashboard.tsx(160,57): error TS2345: Argument of type 'string' is not assignable to parameter of type 'ReturnReason'.
components/StoresDashboard.tsx(365,166): error TS2339: Property 'timestamp' does not exist on type '{ type: string; id: string; dispatchNumber: string; storeId: string; timestamp: string; items: { productId: string; quantity: number; unitSupplyPrice: number; }[]; returns?: ProductReturn[]; ... 8 more ...; printCount?: number; } | { ...; }'.
  Property 'timestamp' does not exist on type '{ type: string; id: string; storeId: string; dispatchId?: string; dispatchNumber?: string; date: string; amount: number; reference: string; method: string; status?: "active" | "cancelled"; receiptImage?: string; printCount?: number; approvalStatus?: ApprovalStatus; authorizedBy?: string; authorizedAt?: string; }'.
components/StoresDashboard.tsx(365,181): error TS2339: Property 'date' does not exist on type '{ type: string; id: string; dispatchNumber: string; storeId: string; timestamp: string; items: { productId: string; quantity: number; unitSupplyPrice: number; }[]; returns?: ProductReturn[]; ... 8 more ...; printCount?: number; } | { ...; }'.
  Property 'date' does not exist on type '{ type: string; id: string; dispatchNumber: string; storeId: string; timestamp: string; items: { productId: string; quantity: number; unitSupplyPrice: number; }[]; returns?: ProductReturn[]; ... 8 more ...; printCount?: number; }'.
components/StoresDashboard.tsx(365,210): error TS2339: Property 'timestamp' does not exist on type '{ type: string; id: string; dispatchNumber: string; storeId: string; timestamp: string; items: { productId: string; quantity: number; unitSupplyPrice: number; }[]; returns?: ProductReturn[]; ... 8 more ...; printCount?: number; } | { ...; }'.
  Property 'timestamp' does not exist on type '{ type: string; id: string; storeId: string; dispatchId?: string; dispatchNumber?: string; date: string; amount: number; reference: string; method: string; status?: "active" | "cancelled"; receiptImage?: string; printCount?: number; approvalStatus?: ApprovalStatus; authorizedBy?: string; authorizedAt?: string; }'.
components/StoresDashboard.tsx(365,225): error TS2339: Property 'date' does not exist on type '{ type: string; id: string; dispatchNumber: string; storeId: string; timestamp: string; items: { productId: string; quantity: number; unitSupplyPrice: number; }[]; returns?: ProductReturn[]; ... 8 more ...; printCount?: number; } | { ...; }'.
  Property 'date' does not exist on type '{ type: string; id: string; dispatchNumber: string; storeId: string; timestamp: string; items: { productId: string; quantity: number; unitSupplyPrice: number; }[]; returns?: ProductReturn[]; ... 8 more ...; printCount?: number; }'.
